<h1>Poll 1.0beta3</h1>
<div class="poll_syscheck">
    <h2>System check</h2>
    <p class="xh_fail">Checking that the PHP version is at least 7.1.0 … failure</p>
    <p class="xh_fail">Checking that the CMSimple_XH version is at least 1.7.0 … failure</p>
    <p class="xh_fail">Checking that the Plib_XH version is at least 1.1 … failure</p>
    <p class="xh_warning">Checking that './plugins/poll/css' is writable … warning</p>
    <p class="xh_warning">Checking that './plugins/poll/languages' is writable … warning</p>
    <p class="xh_warning">Checking that './content/poll/' is writable … warning</p>
</div>
