<div id="poll_admin">
<h1>foo</h1>

<p>The poll has ended.</p>
<h5>The Results</h5>
<div class="poll_results">
    <div class="poll_result">
        <div class="poll_text">Germany – 100% (1 vote)</div>
        <div class="poll_bar" style="width: 100%">&nbsp;</div>
    </div>
    <div class="poll_result">
        <div class="poll_text">Brazil – 0% (0 votes)</div>
        <div class="poll_bar" style="width: 0%">&nbsp;</div>
    </div>
</div>
<p><strong>In total 1 person has voted.</strong></p>
</div>
