
<form class="poll" action="?" method="post">
  <p>Your vote please:</p>
  <label class="poll_option">
    <input type="radio" name="poll_fifa-2018[]" value="Germany">
    Germany  </label>
  <label class="poll_option">
    <input type="radio" name="poll_fifa-2018[]" value="Brazil">
    Brazil  </label>
  <p>
    <button>Vote now!</button>
  </p>
</form>
